
> weight-gain-diet@0.0.0 test
> vitest run


 RUN  v2.1.9 /home/kwekwok/Desktop/AI/gainsmart

 ✓ src/components/DailyStats.test.jsx (5 tests) 64ms
 ✓ src/components/LLMRecommendation.test.jsx (4 tests) 120ms
 ✓ src/components/FoodCard.test.jsx (8 tests) 140ms
 ✓ src/components/MealPlan.test.jsx (3 tests) 193ms
 ✓ src/components/BudgetInput.test.jsx (5 tests) 228ms
 ✓ src/App.test.jsx (11 tests) 1638ms
   ✓ App > generates AI meal plan when button clicked 1241ms

 Test Files  6 passed (6)
      Tests  36 passed (36)
   Start at  14:02:42
   Duration  2.38s (transform 195ms, setup 226ms, collect 733ms, tests 2.38s, environment 1.93s, prepare 402ms)

